[{"stream_name":"stdout","time":0.649786075,"data":"🎹 genre: orbit_trap\n"}
,{"stream_name":"stdout","time":0.649825538,"data":"📦 cloning DiffRhythm…\n"}
,{"stream_name":"stdout","time":6.15572772,"data":"📦 installing DiffRhythm deps…\n"}
,{"stream_name":"stdout","time":222.24382356,"data":"✍️ lyrics: 8 lines\n"}
,{"stream_name":"stdout","time":222.243962634,"data":"🎤 cooking orbit_trap WITH VOCALS on GPU…\n"}
,{"stream_name":"stdout","time":247.298447224,"data":"❌ DiffRhythm inference failed (rc=1): Current working directory: /kaggle/working\n"}
,{"stream_name":"stdout","time":247.298494204,"data":"Traceback (most recent call last):\n"}
,{"stream_name":"stdout","time":247.298498765,"data":"  File \"/kaggle/working/DiffRhythm/infer/infer.py\", line 28, in \u003cmodule\u003e\n"}
,{"stream_name":"stdout","time":247.298502966,"data":"    from infer_utils import (\n"}
,{"stream_name":"stdout","time":247.298506055,"data":"  File \"/kaggle/working/DiffRhythm/infer/infer_utils.py\", line 31, in \u003cmodule\u003e\n"}
,{"stream_name":"stdout","time":247.298509553,"data":"    from model import DiT, CFM\n"}
,{"stream_name":"stdout","time":247.298512614,"data":"ModuleNotFoundError: No module named 'model'\n"}
,{"stream_name":"stdout","time":247.298515819,"data":"\n"}
,{"stream_name":"stderr","time":249.391114418,"data":"/usr/local/lib/python3.12/dist-packages/mistune.py:435: SyntaxWarning: invalid escape sequence '\\|'\n"}
,{"stream_name":"stderr","time":249.391146511,"data":"  cells[i][c] = re.sub('\\\\\\\\\\|', '|', cell)\n"}
,{"stream_name":"stderr","time":249.613824191,"data":"/usr/local/lib/python3.12/dist-packages/nbconvert/filters/filter_links.py:36: SyntaxWarning: invalid escape sequence '\\_'\n"}
,{"stream_name":"stderr","time":249.613850395,"data":"  text = re.sub(r'_', '\\_', text) # Escape underscores in display text\n"}
,{"stream_name":"stderr","time":252.60449837,"data":"[NbConvertApp] Converting notebook __script__.ipynb to html\n"}
,{"stream_name":"stderr","time":253.395780797,"data":"[NbConvertApp] Writing 302851 bytes to __results__.html\n"}
]